CREATE EXTENSION pit;
--
-- Enqueue new test.
--
SELECT pit.async('pg_sleep',ARRAY['0.1']);
 async 
-------
     1
(1 row)

--
-- Work until there is no more work.
--
-- Ignore notice messages since we can't know how
-- many iterations that will be necessary.
--
SET client_min_messages TO 'warning';
CALL pit.work(return_when_idle := true);
--
-- Have a look at test result.
--
SELECT
    id,
    test_state,
    executions,
    final_result
FROM pit.tests;
 id | test_state | executions | final_result 
----+------------+------------+--------------
  1 | final      |          1 |          0.1
(1 row)

DROP EXTENSION pit;
