SELECT timeit.eval('numeric_add', ARRAY['1','2']);
 eval 
------
 3
(1 row)

