BEGIN;
CREATE EXTENSION IF NOT EXISTS timeit;
SELECT timeit.s('pg_sleep', ARRAY['0.1']);
  s  
-----
 0.1
(1 row)

SELECT timeit.h('pg_sleep', ARRAY['0.1']);
   h    
--------
 100 ms
(1 row)

--
-- Request two significant figures in result.
--
SELECT timeit.h('pg_sleep', ARRAY['0.1'], 2);
   h    
--------
 100 ms
(1 row)

ROLLBACK;
